{
    "id": "@integer@",
    "content": "@string@",
    "published_at": "@string@",
    "_links": {
        "self": {
            "href": "@string@.startsWith('/api/admin/comments')"
        }
    }
}
